QA output created by 006
test daemon recover
Silence is golden
