QA output created by 015
test
test
2
Silence is golden
